https://github.com/jilozor04/John-Ilozor-92
fbjbczmlm;x x

John Ilozor@DESKTOP-JK31MU7 MINGW64 ~/code/projects/John-Ilozor-92 (master)
$ git status
On branch master
Your branch is behind 'origin/master' by 2 commits, and can be fast-forwarded.
  (use "git pull" to update your local branch)

nothing to commit, working tree clean

John Ilozor@DESKTOP-JK31MU7 MINGW64 ~/code/projects/John-Ilozor-92 (master)
$ git pull
Updating 9762964..77ae85f
Fast-forward
 index.html      | 4 ++--
 instruction,txt | 2 ++
 2 files changed, 4 insertions(+), 2 deletions(-)
 create mode 100644 instruction,txt

John Ilozor@DESKTOP-JK31MU7 MINGW64 ~/code/projects/John-Ilozor-92 (master)
$ code index.html

John Ilozor@DESKTOP-JK31MU7 MINGW64 ~/code/projects/John-Ilozor-92 (master)
$ git status
On branch master
Your branch is up to date with 'origin/master'.

Changes not staged for commit:
  (use "git add <file>..." to update what will be committed)
  (use "git restore <file>..." to discard changes in working directory)
        modified:   index.html

no changes added to commit (use "git add" and/or "git commit -a")

John Ilozor@DESKTOP-JK31MU7 MINGW64 ~/code/projects/John-Ilozor-92 (master)
$ get add .
bash: get: command not found

John Ilozor@DESKTOP-JK31MU7 MINGW64 ~/code/projects/John-Ilozor-92 (master)
$ git add .

John Ilozor@DESKTOP-JK31MU7 MINGW64 ~/code/projects/John-Ilozor-92 (master)
$ git commit -am "change to title"
[master 7e02f79] change to title
 1 file changed, 1 insertion(+), 1 deletion(-)
 
 THis is not good

